Collecting chromadb==0.6.3
  Downloading chromadb-0.6.3-py3-none-any.whl.metadata (6.8 kB)
Collecting sentence-transformers==3.3.1
  Downloading sentence_transformers-3.3.1-py3-none-any.whl.metadata (10 kB)
Collecting build>=1.0.3 (from chromadb==0.6.3)
  Downloading build-1.5.0-py3-none-any.whl.metadata (5.7 kB)
Requirement already satisfied: pydantic>=1.9 in .\.venv\Lib\site-packages (from chromadb==0.6.3) (2.13.4)
Collecting chroma-hnswlib==0.7.6 (from chromadb==0.6.3)
  Downloading chroma_hnswlib-0.7.6.tar.gz (32 kB)
  Installing build dependencies: started
  Installing build dependencies: finished with status 'done'
  Getting requirements to build wheel: started
  Getting requirements to build wheel: finished with status 'done'
  Preparing metadata (pyproject.toml): started
  Preparing metadata (pyproject.toml): finished with status 'done'
Requirement already satisfied: fastapi>=0.95.2 in .\.venv\Lib\site-packages (from chromadb==0.6.3) (0.141.1)
Requirement already satisfied: uvicorn>=0.18.3 in .\.venv\Lib\site-packages (from uvicorn[standard]>=0.18.3->chromadb==0.6.3) (0.52.1)
Requirement already satisfied: numpy>=1.22.5 in .\.venv\Lib\site-packages (from chromadb==0.6.3) (2.5.2)
Collecting posthog>=2.4.0 (from chromadb==0.6.3)
  Downloading posthog-7.38.3-py3-none-any.whl.metadata (5.4 kB)
Requirement already satisfied: typing_extensions>=4.5.0 in .\.venv\Lib\site-packages (from chromadb==0.6.3) (4.16.0)
Collecting onnxruntime>=1.14.1 (from chromadb==0.6.3)
  Downloading onnxruntime-1.28.0-cp312-cp312-win_amd64.whl.metadata (5.7 kB)
Collecting opentelemetry-api>=1.2.0 (from chromadb==0.6.3)
  Downloading opentelemetry_api-1.44.0-py3-none-any.whl.metadata (1.4 kB)
Collecting opentelemetry-exporter-otlp-proto-grpc>=1.2.0 (from chromadb==0.6.3)
  Downloading opentelemetry_exporter_otlp_proto_grpc-1.44.0-py3-none-any.whl.metadata (2.6 kB)
Collecting opentelemetry-instrumentation-fastapi>=0.41b0 (from chromadb==0.6.3)
  Downloading opentelemetry_instrumentation_fastapi-0.65b0-py3-none-any.whl.metadata (2.2 kB)
Collecting opentelemetry-sdk>=1.2.0 (from chromadb==0.6.3)
  Downloading opentelemetry_sdk-1.44.0-py3-none-any.whl.metadata (1.6 kB)
Collecting tokenizers>=0.13.2 (from chromadb==0.6.3)
  Downloading tokenizers-0.23.1-cp310-abi3-win_amd64.whl.metadata (10 kB)
Collecting pypika>=0.48.9 (from chromadb==0.6.3)
  Downloading pypika-0.51.1-py2.py3-none-any.whl.metadata (51 kB)
Requirement already satisfied: tqdm>=4.65.0 in .\.venv\Lib\site-packages (from chromadb==0.6.3) (4.70.0)
Collecting overrides>=7.3.1 (from chromadb==0.6.3)
  Downloading overrides-7.7.0-py3-none-any.whl.metadata (5.8 kB)
Collecting importlib-resources (from chromadb==0.6.3)
  Downloading importlib_resources-7.1.0-py3-none-any.whl.metadata (4.0 kB)
Requirement already satisfied: grpcio>=1.58.0 in .\.venv\Lib\site-packages (from chromadb==0.6.3) (1.83.0)
Requirement already satisfied: bcrypt>=4.0.1 in .\.venv\Lib\site-packages (from chromadb==0.6.3) (5.0.0)
Collecting typer>=0.9.0 (from chromadb==0.6.3)
  Downloading typer-0.27.1-py3-none-any.whl.metadata (16 kB)
Collecting kubernetes>=28.1.0 (from chromadb==0.6.3)
  Downloading kubernetes-36.0.3-py2.py3-none-any.whl.metadata (1.8 kB)
Collecting tenacity>=8.2.3 (from chromadb==0.6.3)
  Using cached tenacity-9.1.4-py3-none-any.whl.metadata (1.2 kB)
Requirement already satisfied: PyYAML>=6.0.0 in .\.venv\Lib\site-packages (from chromadb==0.6.3) (6.0.3)
Collecting mmh3>=4.0.1 (from chromadb==0.6.3)
  Downloading mmh3-5.2.1-cp312-cp312-win_amd64.whl.metadata (15 kB)
Collecting orjson>=3.9.12 (from chromadb==0.6.3)
  Downloading orjson-3.11.9-cp312-cp312-win_amd64.whl.metadata (43 kB)
Requirement already satisfied: httpx>=0.27.0 in .\.venv\Lib\site-packages (from chromadb==0.6.3) (0.28.1)
Collecting rich>=10.11.0 (from chromadb==0.6.3)
  Using cached rich-15.0.0-py3-none-any.whl.metadata (18 kB)
Collecting transformers<5.0.0,>=4.41.0 (from sentence-transformers==3.3.1)
  Downloading transformers-4.57.6-py3-none-any.whl.metadata (43 kB)
Collecting torch>=1.11.0 (from sentence-transformers==3.3.1)
  Downloading torch-2.13.0-cp312-cp312-win_amd64.whl.metadata (39 kB)
Collecting scikit-learn (from sentence-transformers==3.3.1)
  Using cached scikit_learn-1.9.0-cp312-cp312-win_amd64.whl.metadata (11 kB)
Collecting scipy (from sentence-transformers==3.3.1)
  Using cached scipy-1.18.0-cp312-cp312-win_amd64.whl.metadata (61 kB)
Collecting huggingface-hub>=0.20.0 (from sentence-transformers==3.3.1)
  Downloading huggingface_hub-1.27.0-py3-none-any.whl.metadata (16 kB)
Collecting Pillow (from sentence-transformers==3.3.1)
  Downloading pillow-12.3.0-cp312-cp312-win_amd64.whl.metadata (9.3 kB)
Collecting filelock (from transformers<5.0.0,>=4.41.0->sentence-transformers==3.3.1)
  Using cached filelock-3.32.2-py3-none-any.whl.metadata (2.0 kB)
Collecting huggingface-hub>=0.20.0 (from sentence-transformers==3.3.1)
  Downloading huggingface_hub-0.36.2-py3-none-any.whl.metadata (15 kB)
Requirement already satisfied: packaging>=20.0 in .\.venv\Lib\site-packages (from transformers<5.0.0,>=4.41.0->sentence-transformers==3.3.1) (26.3)
Collecting regex!=2019.12.17 (from transformers<5.0.0,>=4.41.0->sentence-transformers==3.3.1)
  Using cached regex-2026.7.19-cp312-cp312-win_amd64.whl.metadata (41 kB)
Requirement already satisfied: requests in .\.venv\Lib\site-packages (from transformers<5.0.0,>=4.41.0->sentence-transformers==3.3.1) (2.34.2)
Collecting tokenizers>=0.13.2 (from chromadb==0.6.3)
  Using cached tokenizers-0.22.2-cp39-abi3-win_amd64.whl.metadata (7.4 kB)
Collecting safetensors>=0.4.3 (from transformers<5.0.0,>=4.41.0->sentence-transformers==3.3.1)
  Using cached safetensors-0.8.0-cp310-abi3-win_amd64.whl.metadata (4.2 kB)
Collecting fsspec>=2023.5.0 (from huggingface-hub>=0.20.0->sentence-transformers==3.3.1)
  Using cached fsspec-2026.7.0-py3-none-any.whl.metadata (10 kB)
Collecting pyproject_hooks (from build>=1.0.3->chromadb==0.6.3)
  Downloading pyproject_hooks-1.2.0-py3-none-any.whl.metadata (1.3 kB)
Requirement already satisfied: colorama in .\.venv\Lib\site-packages (from build>=1.0.3->chromadb==0.6.3) (0.4.6)
Requirement already satisfied: starlette>=0.46.0 in .\.venv\Lib\site-packages (from fastapi>=0.95.2->chromadb==0.6.3) (1.6.0)
Requirement already satisfied: typing-inspection>=0.4.2 in .\.venv\Lib\site-packages (from fastapi>=0.95.2->chromadb==0.6.3) (0.4.2)
Requirement already satisfied: annotated-doc>=0.0.2 in .\.venv\Lib\site-packages (from fastapi>=0.95.2->chromadb==0.6.3) (0.0.5)
Requirement already satisfied: anyio in .\.venv\Lib\site-packages (from httpx>=0.27.0->chromadb==0.6.3) (4.14.2)
Requirement already satisfied: certifi in .\.venv\Lib\site-packages (from httpx>=0.27.0->chromadb==0.6.3) (2026.7.22)
Requirement already satisfied: httpcore==1.* in .\.venv\Lib\site-packages (from httpx>=0.27.0->chromadb==0.6.3) (1.0.9)
Requirement already satisfied: idna in .\.venv\Lib\site-packages (from httpx>=0.27.0->chromadb==0.6.3) (3.18)
Requirement already satisfied: h11>=0.16 in .\.venv\Lib\site-packages (from httpcore==1.*->httpx>=0.27.0->chromadb==0.6.3) (0.16.0)
Collecting six>=1.9.0 (from kubernetes>=28.1.0->chromadb==0.6.3)
  Using cached six-1.17.0-py2.py3-none-any.whl.metadata (1.7 kB)
Collecting python-dateutil>=2.5.3 (from kubernetes>=28.1.0->chromadb==0.6.3)
  Using cached python_dateutil-2.9.0.post0-py2.py3-none-any.whl.metadata (8.4 kB)
Collecting websocket-client!=0.40.0,!=0.41.*,!=0.42.*,>=0.32.0 (from kubernetes>=28.1.0->chromadb==0.6.3)
  Using cached websocket_client-1.9.0-py3-none-any.whl.metadata (8.3 kB)
Collecting requests-oauthlib (from kubernetes>=28.1.0->chromadb==0.6.3)
  Downloading requests_oauthlib-2.0.0-py2.py3-none-any.whl.metadata (11 kB)
Requirement already satisfied: urllib3!=2.6.0,>=1.24.2 in .\.venv\Lib\site-packages (from kubernetes>=28.1.0->chromadb==0.6.3) (2.7.0)
Collecting durationpy>=0.7 (from kubernetes>=28.1.0->chromadb==0.6.3)
  Downloading durationpy-0.10-py3-none-any.whl.metadata (340 bytes)
Collecting aiohttp<4.0.0,>=3.13.5 (from kubernetes>=28.1.0->chromadb==0.6.3)
  Downloading aiohttp-3.14.3-cp312-cp312-win_amd64.whl.metadata (8.5 kB)
Collecting aiohappyeyeballs>=2.5.0 (from aiohttp<4.0.0,>=3.13.5->kubernetes>=28.1.0->chromadb==0.6.3)
  Downloading aiohappyeyeballs-2.7.1-py3-none-any.whl.metadata (5.9 kB)
Collecting aiosignal>=1.4.0 (from aiohttp<4.0.0,>=3.13.5->kubernetes>=28.1.0->chromadb==0.6.3)
  Downloading aiosignal-1.4.0-py3-none-any.whl.metadata (3.7 kB)
Collecting attrs>=17.3.0 (from aiohttp<4.0.0,>=3.13.5->kubernetes>=28.1.0->chromadb==0.6.3)
  Using cached attrs-26.1.0-py3-none-any.whl.metadata (8.8 kB)
Collecting frozenlist>=1.1.1 (from aiohttp<4.0.0,>=3.13.5->kubernetes>=28.1.0->chromadb==0.6.3)
  Downloading frozenlist-1.8.0-cp312-cp312-win_amd64.whl.metadata (21 kB)
Collecting multidict<7.0,>=4.5 (from aiohttp<4.0.0,>=3.13.5->kubernetes>=28.1.0->chromadb==0.6.3)
  Downloading multidict-6.7.1-cp312-cp312-win_amd64.whl.metadata (5.5 kB)
Collecting propcache>=0.2.0 (from aiohttp<4.0.0,>=3.13.5->kubernetes>=28.1.0->chromadb==0.6.3)
  Downloading propcache-0.5.2-cp312-cp312-win_amd64.whl.metadata (17 kB)
Collecting yarl<2.0,>=1.17.0 (from aiohttp<4.0.0,>=3.13.5->kubernetes>=28.1.0->chromadb==0.6.3)
  Downloading yarl-1.24.5-cp312-cp312-win_amd64.whl.metadata (107 kB)
Collecting flatbuffers (from onnxruntime>=1.14.1->chromadb==0.6.3)
  Using cached flatbuffers-25.12.19-py2.py3-none-any.whl.metadata (1.0 kB)
Requirement already satisfied: protobuf>=4.25.8 in .\.venv\Lib\site-packages (from onnxruntime>=1.14.1->chromadb==0.6.3) (5.29.6)
Requirement already satisfied: googleapis-common-protos~=1.57 in .\.venv\Lib\site-packages (from opentelemetry-exporter-otlp-proto-grpc>=1.2.0->chromadb==0.6.3) (1.75.0)
Collecting opentelemetry-exporter-otlp-proto-common==1.44.0 (from opentelemetry-exporter-otlp-proto-grpc>=1.2.0->chromadb==0.6.3)
  Downloading opentelemetry_exporter_otlp_proto_common-1.44.0-py3-none-any.whl.metadata (1.8 kB)
Collecting opentelemetry-proto==1.44.0 (from opentelemetry-exporter-otlp-proto-grpc>=1.2.0->chromadb==0.6.3)
  Downloading opentelemetry_proto-1.44.0-py3-none-any.whl.metadata (2.3 kB)
Collecting opentelemetry-semantic-conventions==0.65b0 (from opentelemetry-sdk>=1.2.0->chromadb==0.6.3)
  Downloading opentelemetry_semantic_conventions-0.65b0-py3-none-any.whl.metadata (2.4 kB)
Collecting opentelemetry-instrumentation-asgi==0.65b0 (from opentelemetry-instrumentation-fastapi>=0.41b0->chromadb==0.6.3)
  Downloading opentelemetry_instrumentation_asgi-0.65b0-py3-none-any.whl.metadata (2.0 kB)
Collecting opentelemetry-instrumentation==0.65b0 (from opentelemetry-instrumentation-fastapi>=0.41b0->chromadb==0.6.3)
  Downloading opentelemetry_instrumentation-0.65b0-py3-none-any.whl.metadata (7.2 kB)
Collecting opentelemetry-util-http==0.65b0 (from opentelemetry-instrumentation-fastapi>=0.41b0->chromadb==0.6.3)
  Downloading opentelemetry_util_http-0.65b0-py3-none-any.whl.metadata (2.6 kB)
Collecting wrapt<3.0.0,>=1.0.0 (from opentelemetry-instrumentation==0.65b0->opentelemetry-instrumentation-fastapi>=0.41b0->chromadb==0.6.3)
  Using cached wrapt-2.3.0-cp312-cp312-win_amd64.whl.metadata (7.6 kB)
Collecting asgiref~=3.0 (from opentelemetry-instrumentation-asgi==0.65b0->opentelemetry-instrumentation-fastapi>=0.41b0->chromadb==0.6.3)
  Downloading asgiref-3.12.1-py3-none-any.whl.metadata (9.4 kB)
Collecting backoff>=1.10.0 (from posthog>=2.4.0->chromadb==0.6.3)
  Downloading backoff-2.2.1-py3-none-any.whl.metadata (14 kB)
Collecting distro>=1.5.0 (from posthog>=2.4.0->chromadb==0.6.3)
  Downloading distro-1.9.0-py3-none-any.whl.metadata (6.8 kB)
Requirement already satisfied: charset_normalizer<4,>=2 in .\.venv\Lib\site-packages (from requests->transformers<5.0.0,>=4.41.0->sentence-transformers==3.3.1) (3.4.9)
Requirement already satisfied: annotated-types>=0.6.0 in .\.venv\Lib\site-packages (from pydantic>=1.9->chromadb==0.6.3) (0.8.0)
Requirement already satisfied: pydantic-core==2.46.4 in .\.venv\Lib\site-packages (from pydantic>=1.9->chromadb==0.6.3) (2.46.4)
Collecting markdown-it-py>=2.2.0 (from rich>=10.11.0->chromadb==0.6.3)
  Using cached markdown_it_py-4.2.0-py3-none-any.whl.metadata (7.4 kB)
Requirement already satisfied: pygments<3.0.0,>=2.13.0 in .\.venv\Lib\site-packages (from rich>=10.11.0->chromadb==0.6.3) (2.20.0)
Collecting mdurl~=0.1 (from markdown-it-py>=2.2.0->rich>=10.11.0->chromadb==0.6.3)
  Using cached mdurl-0.1.2-py3-none-any.whl.metadata (1.6 kB)
Collecting setuptools>=77.0.3 (from torch>=1.11.0->sentence-transformers==3.3.1)
  Using cached setuptools-84.0.0-py3-none-any.whl.metadata (6.6 kB)
Collecting sympy>=1.13.3 (from torch>=1.11.0->sentence-transformers==3.3.1)
  Using cached sympy-1.14.0-py3-none-any.whl.metadata (12 kB)
Collecting networkx>=2.5.1 (from torch>=1.11.0->sentence-transformers==3.3.1)
  Downloading networkx-3.6.1-py3-none-any.whl.metadata (6.8 kB)
Collecting jinja2 (from torch>=1.11.0->sentence-transformers==3.3.1)
  Using cached jinja2-3.1.6-py3-none-any.whl.metadata (2.9 kB)
Collecting mpmath<1.4,>=1.1.0 (from sympy>=1.13.3->torch>=1.11.0->sentence-transformers==3.3.1)
  Using cached mpmath-1.3.0-py3-none-any.whl.metadata (8.6 kB)
Collecting shellingham>=1.3.0 (from typer>=0.9.0->chromadb==0.6.3)
  Using cached shellingham-1.5.4-py2.py3-none-any.whl.metadata (3.5 kB)
Requirement already satisfied: click>=7.0 in .\.venv\Lib\site-packages (from uvicorn>=0.18.3->uvicorn[standard]>=0.18.3->chromadb==0.6.3) (8.4.2)
Requirement already satisfied: httptools>=0.8.0 in .\.venv\Lib\site-packages (from uvicorn[standard]>=0.18.3->chromadb==0.6.3) (0.8.0)
Requirement already satisfied: python-dotenv>=0.13 in .\.venv\Lib\site-packages (from uvicorn[standard]>=0.18.3->chromadb==0.6.3) (1.2.2)
Requirement already satisfied: watchfiles>=0.20 in .\.venv\Lib\site-packages (from uvicorn[standard]>=0.18.3->chromadb==0.6.3) (1.2.0)
Requirement already satisfied: websockets>=13.0 in .\.venv\Lib\site-packages (from uvicorn[standard]>=0.18.3->chromadb==0.6.3) (17.0.1)
Collecting MarkupSafe>=2.0 (from jinja2->torch>=1.11.0->sentence-transformers==3.3.1)
  Using cached markupsafe-3.0.3-cp312-cp312-win_amd64.whl.metadata (2.8 kB)
Collecting oauthlib>=3.0.0 (from requests-oauthlib->kubernetes>=28.1.0->chromadb==0.6.3)
  Downloading oauthlib-3.3.1-py3-none-any.whl.metadata (7.9 kB)
Collecting joblib>=1.4.0 (from scikit-learn->sentence-transformers==3.3.1)
  Using cached joblib-1.5.3-py3-none-any.whl.metadata (5.5 kB)
Collecting narwhals>=2.0.1 (from scikit-learn->sentence-transformers==3.3.1)
  Using cached narwhals-2.24.0-py3-none-any.whl.metadata (15 kB)
Collecting threadpoolctl>=3.5.0 (from scikit-learn->sentence-transformers==3.3.1)
  Using cached threadpoolctl-3.6.0-py3-none-any.whl.metadata (13 kB)
Downloading chromadb-0.6.3-py3-none-any.whl (611 kB)
   ---------------------------------------- 611.1/611.1 kB 972.1 kB/s  0:00:00
Downloading sentence_transformers-3.3.1-py3-none-any.whl (268 kB)
Downloading transformers-4.57.6-py3-none-any.whl (12.0 MB)
   ---------------------------------------- 12.0/12.0 MB 341.0 kB/s  0:01:05
Downloading huggingface_hub-0.36.2-py3-none-any.whl (566 kB)
   ---------------------------------------- 566.4/566.4 kB 694.6 kB/s  0:00:00
Using cached tokenizers-0.22.2-cp39-abi3-win_amd64.whl (2.7 MB)
Downloading build-1.5.0-py3-none-any.whl (26 kB)
Using cached fsspec-2026.7.0-py3-none-any.whl (206 kB)
Downloading kubernetes-36.0.3-py2.py3-none-any.whl (4.6 MB)
   --------------------------------------   4.5/4.6 MB 871.5 kB/s eta 0:00:01
Resuming download kubernetes-36.0.3-py2.py3-none-any.whl (4.5 MB/4.6 MB)
   ---------------------------------------- 4.6/4.6 MB 13.9 kB/s  0:00:11
Downloading aiohttp-3.14.3-cp312-cp312-win_amd64.whl (476 kB)
Downloading multidict-6.7.1-cp312-cp312-win_amd64.whl (46 kB)
Downloading yarl-1.24.5-cp312-cp312-win_amd64.whl (97 kB)
Downloading aiohappyeyeballs-2.7.1-py3-none-any.whl (15 kB)
Downloading aiosignal-1.4.0-py3-none-any.whl (7.5 kB)
Using cached attrs-26.1.0-py3-none-any.whl (67 kB)
Downloading durationpy-0.10-py3-none-any.whl (3.9 kB)
Downloading frozenlist-1.8.0-cp312-cp312-win_amd64.whl (44 kB)
Downloading mmh3-5.2.1-cp312-cp312-win_amd64.whl (41 kB)
Downloading onnxruntime-1.28.0-cp312-cp312-win_amd64.whl (13.8 MB)
   ---------------------------------------- 13.8/13.8 MB 356.8 kB/s  0:01:17
Downloading opentelemetry_api-1.44.0-py3-none-any.whl (60 kB)
Downloading opentelemetry_exporter_otlp_proto_grpc-1.44.0-py3-none-any.whl (19 kB)
Downloading opentelemetry_exporter_otlp_proto_common-1.44.0-py3-none-any.whl (17 kB)
Downloading opentelemetry_proto-1.44.0-py3-none-any.whl (72 kB)
Downloading opentelemetry_sdk-1.44.0-py3-none-any.whl (137 kB)
Downloading opentelemetry_semantic_conventions-0.65b0-py3-none-any.whl (204 kB)
Downloading opentelemetry_instrumentation_fastapi-0.65b0-py3-none-any.whl (13 kB)
Downloading opentelemetry_instrumentation-0.65b0-py3-none-any.whl (36 kB)
Downloading opentelemetry_instrumentation_asgi-0.65b0-py3-none-any.whl (15 kB)
Downloading opentelemetry_util_http-0.65b0-py3-none-any.whl (8.2 kB)
Downloading asgiref-3.12.1-py3-none-any.whl (25 kB)
Using cached wrapt-2.3.0-cp312-cp312-win_amd64.whl (81 kB)
Downloading orjson-3.11.9-cp312-cp312-win_amd64.whl (127 kB)
Downloading overrides-7.7.0-py3-none-any.whl (17 kB)
Downloading posthog-7.38.3-py3-none-any.whl (496 kB)
Downloading backoff-2.2.1-py3-none-any.whl (15 kB)
Downloading distro-1.9.0-py3-none-any.whl (20 kB)
Downloading propcache-0.5.2-cp312-cp312-win_amd64.whl (42 kB)
Downloading pypika-0.51.1-py2.py3-none-any.whl (60 kB)
Using cached python_dateutil-2.9.0.post0-py2.py3-none-any.whl (229 kB)
Using cached regex-2026.7.19-cp312-cp312-win_amd64.whl (277 kB)
Using cached rich-15.0.0-py3-none-any.whl (310 kB)
Using cached markdown_it_py-4.2.0-py3-none-any.whl (91 kB)
Using cached mdurl-0.1.2-py3-none-any.whl (10.0 kB)
Using cached safetensors-0.8.0-cp310-abi3-win_amd64.whl (355 kB)
Using cached six-1.17.0-py2.py3-none-any.whl (11 kB)
Using cached tenacity-9.1.4-py3-none-any.whl (28 kB)
Downloading torch-2.13.0-cp312-cp312-win_amd64.whl (122.1 MB)
   -------------------------               79.7/122.1 MB 221.7 kB/s eta 0:03:12
Resuming download torch-2.13.0-cp312-cp312-win_amd64.whl (79.7 MB/122.1 MB)
   --------------------------               79.7/122.1 MB ? eta -:--:--
Resuming download torch-2.13.0-cp312-cp312-win_amd64.whl (79.7 MB/122.1 MB)
   -------------------------               81.0/122.1 MB 616.8 kB/s eta 0:01:07
Resuming download torch-2.13.0-cp312-cp312-win_amd64.whl (81.0 MB/122.1 MB)
   --------------------------               81.0/122.1 MB ? eta -:--:--
Resuming download torch-2.13.0-cp312-cp312-win_amd64.whl (81.0 MB/122.1 MB)
   --------------------------               81.0/122.1 MB ? eta -:--:--
Resuming download torch-2.13.0-cp312-cp312-win_amd64.whl (81.0 MB/122.1 MB)
   --------------------------               81.0/122.1 MB ? eta -:--:--
